20.00000000000000000000
15.00000000000000000000
15.00000000000000000000
10.00000000000000000000
10.00000000000000000000
10.00000000000000000000
10.00000000000000000000
30.00000000000000000000
20.00000000000000000000
20.00000000000000000000
20.00000000000000000000
