101
100
100
101
100
99
99
100
103
102
101
100
99
98
97
96
98
98
99
100
100
101
101
100
100
99
99
98
97
96
95
95
95
95
95
95
94
93
93
92
91
90
89
89
89
90
89
89
90
89
88
88
87
87
90
89
89
88
87
87
86
88
88
87
87
88
88
88
88
88
87
86
87
87
86
85
85
85
84
83
83
83
82
82
81
80
79
78
77
76
75
74
74
73
73
72
71
70
69
68
67
-1
-1
-1
-1
-1
-1
-1
-1
-1
-1
-1
-1
-1
-1
-1
-1
-1
-1
-1
-1
-1
-1
-1
-1
-1
-1
-1
-1
-1
-1
-1
-1
-1
-1
-1
-1
-1
-1
-1
-1
-1
-1
-1
-1
-1
-1
-1
-1
-1
-1
-1
-1
-1
-1
-1
-1
-1
-1
-1
-1
-1
-1
-1
-1
-1
-1
-1
-1
-1
-1
-1
-1
-1
-1
-1
-1
-1
-1
-1
-1
-1
-1
-1
-1
-1
-1
-1
-1
-1
-1
-1
-1
-1
-1
-1
-1
-1
-1
-1
