0 1 2 3 4 5 7 9 11 13
-1 0 1 2 3 4 6 8 10 12
-1 -1 0 1 2 3 5 7 9 10
-1 -1 -1 0 1 2 4 6 7 8
-1 -1 -1 -1 0 1 3 4 5 6
-1 -1 -1 -1 -1 0 1 2 3 4
-1 -1 -1 -1 -1 -1 0 1 2 3
-1 -1 -1 -1 -1 -1 -1 0 1 2
-1 -1 -1 -1 -1 -1 -1 -1 0 1
-1 -1 -1 -1 -1 -1 -1 -1 -1 0
