1484533791
2905561086
3184201479
1991885680
3577985709
3746587648
3568818055
3594464961
3249116317
2768630790
