3844
4782
2146
1374
7044
6016
2898
6400
5590
6794
2323
4075
2561
3110
4738
3179
5699
7408
1520
6535
5930
3020
6422
6040
116
6468
3967
3883
151
6826
6358
6255
2403
6128
7551
897
5353
177
7497
5950
4640
6287
4797
7017
6081
3035
6121
6998
210
856
7459
2242
1270
5643
4865
4138
2829
888
1371
1953
579
5911
4233
7621
3938
4035
2163
2979
1218
832
2280
5254
1072
5832
7086
5600
6982
3985
1621
5809
2181
5894
1306
3164
5110
6997
7254
7124
5044
5618
6715
1364
2916
4507
224
6902
3701
1190
5964
6956
